WARNING: A terminally deprecated method in sun.misc.Unsafe has been called
WARNING: sun.misc.Unsafe::staticFieldBase has been called by com.google.inject.internal.aop.HiddenClassDefiner (file:/Users/yennyferjarava/.m2/wrapper/dists/apache-maven-3.9.11/a2d47e15/lib/guice-5.1.0-classes.jar)
WARNING: Please consider reporting this to the maintainers of class com.google.inject.internal.aop.HiddenClassDefiner
WARNING: sun.misc.Unsafe::staticFieldBase will be removed in a future release
[ERROR] COMPILATION ERROR : 
[ERROR] /Users/yennyferjarava/Desktop/franchises-api/src/test/java/com/yennyfer/franchises_api/controller/ProductsControllerTest.java:[18,46] cannot find symbol
  symbol:   class ImportAutoConfiguration
  location: package org.springframework.context.annotation
[ERROR] /Users/yennyferjarava/Desktop/franchises-api/src/test/java/com/yennyfer/franchises_api/controller/ProductsControllerTest.java:[27,2] cannot find symbol
  symbol: class ImportAutoConfiguration
[ERROR] Failed to execute goal org.apache.maven.plugins:maven-compiler-plugin:3.14.1:testCompile (default-testCompile) on project franchises-api: Compilation failure: Compilation failure: 
[ERROR] /Users/yennyferjarava/Desktop/franchises-api/src/test/java/com/yennyfer/franchises_api/controller/ProductsControllerTest.java:[18,46] cannot find symbol
[ERROR]   symbol:   class ImportAutoConfiguration
[ERROR]   location: package org.springframework.context.annotation
[ERROR] /Users/yennyferjarava/Desktop/franchises-api/src/test/java/com/yennyfer/franchises_api/controller/ProductsControllerTest.java:[27,2] cannot find symbol
[ERROR]   symbol: class ImportAutoConfiguration
[ERROR] -> [Help 1]
[ERROR] 
[ERROR] To see the full stack trace of the errors, re-run Maven with the -e switch.
[ERROR] Re-run Maven using the -X switch to enable full debug logging.
[ERROR] 
[ERROR] For more information about the errors and possible solutions, please read the following articles:
[ERROR] [Help 1] http://cwiki.apache.org/confluence/display/MAVEN/MojoFailureException
